// Jest Snapshot v1, https://goo.gl/fbAQLP

exports[`Storyshots Design System/Alert Default 1`] = `
<div
  className="alert"
>
  Hello World
</div>
`;
